=== TOP 15 CANDIDATS ===

≡ƒÄ» TOP 50 R├ëSULTATS: [
  {
    name: 'Fracture des deux os de la jambe - Avec cal vicieux et troubles trophiques',
    score: 952,
    path: 'Membres Inf├⌐rieurs > Jambe - Fractures'
  },
  {
    name: 'Fracture des deux os de la jambe - Bonne consolidation',
    score: 941,
    path: 'Membres Inf├⌐rieurs > Jambe - Fractures'
  },
  {
    name: "Fracture de l'extr├⌐mit├⌐ inf├⌐rieure du f├⌐mur - Avec raideur du genou",
    score: 769,
    path: 'Membres Inf├⌐rieurs > Cuisse - Fractures'
  },
  {
    name: 'Fracture diaphysaire du f├⌐mur',
    score: 669,
    path: 'Membres Inf├⌐rieurs > Cuisse - Fractures'
  },
  {
    name: 'Fracture du col du f├⌐mur - Consolidation avec raccourcissement et raideur',
    score: 537,
    path: 'Membres Inf├⌐rieurs > Hanche - Fractures'
  },
  {
    name: 'Fracture des condyles f├⌐moraux - Avec d├⌐viation et/ou raideur',
    score: 502,
    path: 'Membres Inf├⌐rieurs > Genou - L├⌐sions Osseuses et Articulaires'
  },
  {
    name: 'Fracture de la rotule - Avec g├¬ne fonctionnelle',
    score: 491,
    path: 'Membres Inf├⌐rieurs > Genou - L├⌐sions Osseuses et Articulaires'
  },
  {
    name: 'Cal vicieux du f├⌐mur - Raccourcissement entre 10 et 50 mm',
    score: 488,
    path: 'Membres Inf├⌐rieurs > Cuisse - Fractures'
  },
  {
    name: 'Cal vicieux du f├⌐mur - Raccourcissement au-del├á de 50 mm',
    score: 488,
    path: 'Membres Inf├⌐rieurs > Cuisse - Fractures'
  },
  {
    name: "Cal vicieux du f├⌐mur - Raccourcissement jusqu'├á 10 mm (compens├⌐ par talonnette)",
    score: 487,
    path: 'Membres Inf├⌐rieurs > Cuisse - Fractures'
  },
  {
    name: 'Col f├⌐mur + raideur + raccourcissement (cumul)',
    score: 408,
    path: 'Cumuls de L├⌐sions et Polytraumatismes > Cumuls Simples - M├¬me Membre'
  },
  {
    name: 'Fracture du massif trochant├⌐rien - Cal vicieux et raideur',
    score: 362,
    path: 'Membres Inf├⌐rieurs > Hanche - Fractures'
  },
  {
    name: 'Fracture du massif trochant├⌐rien - Bonne consolidation',
    score: 352,
    path: 'Membres Inf├⌐rieurs > Hanche - Fractures'
  },
  {
    name: 'Fracture genou sur gonarthrose pr├⌐existante',
    score: 321,
    path: '├ëtats Ant├⌐rieurs et Aggravation de Pathologies Pr├⌐existantes > Aggravation Genou sur ├ëtat Ant├⌐rieur'
  },
  {
    name: 'S├⌐quelles de proth├¿se totale de genou',
    score: 273,
    path: 'Membres Inf├⌐rieurs > Genou - L├⌐sions Osseuses et Articulaires'
  },
  {
    name: 'D├⌐chirure/rupture ligament lat├⌐ral interne (LLI) - ligament collat├⌐ral m├⌐dial genou',
    score: 272,
    path: 'Membres Inf├⌐rieurs > Genou - L├⌐sions Ligamentaires et M├⌐niscales'
  },
  {
    name: 'Hydarthrose chronique du genou',
    score: 271,
    path: 'Membres Inf├⌐rieurs > Genou - L├⌐sions Osseuses et Articulaires'
  },
  {
    name: "Laxit├⌐ chronique du genou (s├⌐quelle d'entorse)",
    score: 271,
    path: 'Membres Inf├⌐rieurs > Genou - L├⌐sions Ligamentaires et M├⌐niscales'
  },
  {
    name: 'D├⌐chirure/rupture ligament lat├⌐ral externe (LLE) - ligament collat├⌐ral lat├⌐ral genou',
    score: 271,
    path: 'Membres Inf├⌐rieurs > Genou - L├⌐sions Ligamentaires et M├⌐niscales'
  },
  {
    name: 'Raideur genou sur proth├¿se pr├⌐existante',
    score: 233,
    path: '├ëtats Ant├⌐rieurs et Aggravation de Pathologies Pr├⌐existantes > Aggravation Genou sur ├ëtat Ant├⌐rieur'
  },
  {
    name: 'Chondropathie aggrav├⌐e sur arthrose genou',
    score: 222,
    path: '├ëtats Ant├⌐rieurs et Aggravation de Pathologies Pr├⌐existantes > Aggravation Genou sur ├ëtat Ant├⌐rieur'
  },
  {
    name: '├ëlongation/d├⌐chirure musculaire quadriceps - Tendinopathie quadricipitale (s├⌐quelles)',
    score: 207,
    path: 'Membres Inf├⌐rieurs > Cuisse - L├⌐sions Musculaires et Tendineuses'
  },
  {
    name: 'Rupture du tendon quadricipital',
    score: 200,
    path: 'Membres Inf├⌐rieurs > Cuisse - L├⌐sions Musculaires et Tendineuses'
  },
  {
    name: 'Raideur genou + instabilit├⌐ LCA (cumul)',
    score: 193,
    path: 'Cumuls de L├⌐sions et Polytraumatismes > Cumuls Simples - M├¬me Membre'
  },
  {
    name: 'Raideur genou + d├⌐robements',
    score: 193,
    path: 'Cumuls de L├⌐sions et Polytraumatismes > Cumuls Simples - M├¬me Membre'
  },
  {
    name: 'Polytraumatisme vision + audition + genou',
    score: 192,
    path: 'Cumuls de L├⌐sions et Polytraumatismes > Polytraumatismes - Membres Multiples'
  },
  {
    name: 'Destruction genou (polytraumatisme intra-articulaire)',
    score: 192,
    path: 'Cumuls de L├⌐sions et Polytraumatismes > Polytraumatismes - Membres Multiples'
  },
  {
    name: 'S├⌐quelles de rupture du ligament crois├⌐ ant├⌐rieur (LCA)',
    score: 191,
    path: 'Membres Inf├⌐rieurs > Genou - L├⌐sions Ligamentaires et M├⌐niscales'
  },
  {
    name: 'S├⌐quelles de rupture du ligament crois├⌐ post├⌐rieur (LCP)',
    score: 191,
    path: 'Membres Inf├⌐rieurs > Genou - L├⌐sions Ligamentaires et M├⌐niscales'
  },
  {
    name: 'S├⌐quelles de m├⌐niscectomie (douleurs, hydarthrose)',
    score: 191,
    path: 'Membres Inf├⌐rieurs > Genou - L├⌐sions Ligamentaires et M├⌐niscales'
  },
  {
    name: 'Entorse LCA sur m├⌐niscectomie ancienne',
    score: 141,
    path: '├ëtats Ant├⌐rieurs et Aggravation de Pathologies Pr├⌐existantes > Aggravation Genou sur ├ëtat Ant├⌐rieur'
  },
  {
    name: 'S├⌐quelles de l├⌐sions musculaires majeures de la cuisse',
    score: 118,
    path: 'Membres Inf├⌐rieurs > Cuisse - L├⌐sions Musculaires et Tendineuses'
  },
  {
    name: "Syndrome des loges chronique d'effort de la jambe",
    score: 112,
    path: 'Membres Inf├⌐rieurs > Jambe - Fractures'
  },
  {
    name: 'Polytraumatisme membre inf├⌐rieur droit complet',
    score: 112,
    path: 'Cumuls de L├⌐sions et Polytraumatismes > Polytraumatismes - Membres Multiples'
  },
  {
    name: 'LCA + m├⌐niscectomie + instabilit├⌐ (cumul)',
    score: 102,
    path: 'Cumuls de L├⌐sions et Polytraumatismes > Cumuls Simples - M├¬me Membre'
  },
  {
    name: 'Apon├⌐vrosite plantaire (fasciite plantaire) chronique post-traumatique',
    score: 63,
    path: 'Membres Inf├⌐rieurs > Pied - Pathologies des tissus mous'
  },
  {
    name: 'Syndrome post-thrombotique (maladie post-phl├⌐bitique)',
    score: 62,
    path: 'S├⌐quelles Thoraciques, Abdominales, Pelviennes et Cardio-vasculaires > Vaisseaux P├⌐riph├⌐riques'
  },
  {
    name: "Tendinopathie d'Achille post-traumatique chronique",
    score: 62,
    path: 'Membres Inf├⌐rieurs > Pied - Tendons'
  },
  {
    name: 'Troubles trophiques, ┼ôd├¿me chronique, varices',
    score: 62,
    path: 'Membres Inf├⌐rieurs > Membre Inf├⌐rieur - L├⌐sions Diverses'
  },
  {
    name: "Raccourcissement d'un membre inf├⌐rieur",
    score: 51,
    path: 'Membres Inf├⌐rieurs > Membre Inf├⌐rieur - L├⌐sions Diverses'
  },
  {
    name: 'Boiterie (sans raccourcissement)',
    score: 51,
    path: 'Membres Inf├⌐rieurs > Membre Inf├⌐rieur - L├⌐sions Diverses'
  },
  {
    name: 'Fracture hanche sur coxarthrose pr├⌐existante',
    score: 30.1,
    path: '├ëtats Ant├⌐rieurs et Aggravation de Pathologies Pr├⌐existantes > Aggravation Hanche et Membre Inf├⌐rieur sur ├ëtat Ant├⌐rieur'
  }
]
1. [952] Fracture des deux os de la jambe - Avec cal vicieux et troubles trophiques => rate=[15,40]
2. [941] Fracture des deux os de la jambe - Bonne consolidation => rate=[5,10]
3. [769] Fracture de l'extr├⌐mit├⌐ inf├⌐rieure du f├⌐mur - Avec raideur du genou => rate=[15,30]
4. [669] Fracture diaphysaire du f├⌐mur => rate=[10,30]
5. [537] Fracture du col du f├⌐mur - Consolidation avec raccourcissement et raideur => rate=[30,60]
6. [502] Fracture des condyles f├⌐moraux - Avec d├⌐viation et/ou raideur => rate=[10,30]
7. [491] Fracture de la rotule - Avec g├¬ne fonctionnelle => rate=[5,15]
8. [488] Cal vicieux du f├⌐mur - Raccourcissement entre 10 et 50 mm => rate=[3,8]
9. [488] Cal vicieux du f├⌐mur - Raccourcissement au-del├á de 50 mm => rate=[8,15]
10. [487] Cal vicieux du f├⌐mur - Raccourcissement jusqu'├á 10 mm (compens├⌐ par talonnette) => rate=0
11. [408] Col f├⌐mur + raideur + raccourcissement (cumul) => rate=[28,40]
12. [362] Fracture du massif trochant├⌐rien - Cal vicieux et raideur => rate=[20,40]
13. [352] Fracture du massif trochant├⌐rien - Bonne consolidation => rate=[5,10]
14. [321] Fracture genou sur gonarthrose pr├⌐existante => rate=[18,35]
15. [273] S├⌐quelles de proth├¿se totale de genou => rate=[15,40]

=== RESULTAT FINAL ===

≡ƒöº localExpertAnalysis V3.3.268 - fix findInBareme cross-region matching, anatomical filter, word-overlap scoring, baseScore threshold
≡ƒöì [V3.3.162] TEXTE RE├çU (nettoy├⌐): Trauma genou gauche Fracture metaphysio-epiphysaire extremite superieure tibia et fibula Fracture extremite superieure tibia Traitement orthopedique marche avec bequille gauche boiterie a la marche Fl
≡ƒöì DEBUG STEPPAGE D├ëTAILL├ë:
   - steppageMatch: false
   - amyotrophieMIMatch: true
   - fractureL1Match: false
   - Texte analys├⌐: Trauma genou gauche Fracture metaphysio-epiphysaire extremite superieure tibia et fibula Fracture extremite superieure tibia Traitement orthopedique marche avec bequille gauche boiterie a la marche Flexion extension genou gauche tres reduite et doulo
Γ¥î STEPPAGE NON D├ëTECT├ë - Conditions non remplies
≡ƒöì DEBUG D├ëVIATION:
   - deviationMatch: false
   - mainContext: false
   - Recherche dans: diviation NON trouv├⌐
≡ƒöì [V3.3.155] S├⌐quelles d├⌐tect├⌐es: 3 [
  'Fracture plateau tibial (avec raideur s├⌐v├¿re)',
  'Amyotrophie quadricipitale',
  'Boiterie / Marche avec aide technique (canne, b├⌐quille)'
]
≡ƒöì V3.3.201k: isCumulDetected = false , lesionCount = 1
≡ƒºá [V3.3.214] TC check: hasTC=false, hasNeuro=false, hasFocal=false, neuroCount=0
ΓÜá∩╕Å POLYTRAUMATISME D├ëTECT├ë: 3 s├⌐quelle(s)
≡ƒôÜ TROUV├ë DANS BAR├êME: "Fracture plateau tibial (avec raideur s├⌐v├¿re)" ΓåÆ "Fracture des plateaux tibiaux - Avec d├⌐viation et/ou raideur" (10-30%)
≡ƒôÜ TROUV├ë DANS BAR├êME: "Amyotrophie quadricipitale" ΓåÆ "Rupture de l'appareil extenseur du genou (tendon rotulien/quadricipital) - Flexum actif r├⌐siduel" (3-8%)
≡ƒöä REGROUPEMENT PAR SYST├êME: [ 'MEMBRE_INFERIEUR: 26%' ]
≡ƒº« CALCUL BALTHAZAR (PAR SYST├êME): [ 'MEMBRE_INFERIEUR: 26%' ]
≡ƒôè IPP GLOBAL CUMUL├ë: 26%
Type: proposal
Name: Polytraumatisme - 1 syst├¿mes atteints - IPP global 26%
Rate: 26
